


ARM Macro Assembler    Page 1 


    1 00000000         ;
    2 00000000         ;    Proyecto Hardware
    3 00000000         ;    Práctica 1
    4 00000000         ;
    5 00000000         ;    Fichero: conecta4_buscar_alineamiento_arm_iter.s
    6 00000000         ;
    7 00000000         ;    Autores:
    8 00000000         ;        Dorian Boleslaw Wozniak   (817570@unizar.es)
    9 00000000         ;        Pablo Latre Villacampa    (778543@unizar.es)
   10 00000000         ;
   11 00000000         ;    Descripción: Implementación de la función buscar
                       _alineamiento en código ensamblador
   12 00000000         ;     sustituyendo el algoritmo recursivo por uno iterat
                       ivo
   13 00000000         
   14 00000000                 AREA             datos, DATA
   15 00000000         
   16 00000000 00000006 
                       NUM_FILAS
                               EQU              6
   17 00000000 00000007 
                       NUM_COLUMNAS
                               EQU              7
   18 00000000 00000001 
                       PADDING_FIL
                               EQU              1
   19 00000000 00000001 
                       PADDING_COL
                               EQU              1
   20 00000000 00000007 
                       TAM_FILS
                               EQU              NUM_FILAS + PADDING_FIL
   21 00000000 00000008 
                       TAM_COLS
                               EQU              NUM_COLUMNAS + PADDING_COL
   22 00000000         
   23 00000000 00000004 
                       CELDA_VACIA
                               EQU              0x04
   24 00000000 00000003 
                       CELDA_COLOR
                               EQU              0x03
   25 00000000         
   26 00000000 00000000 
                       FALSE   EQU              0
   27 00000000 00000001 
                       TRUE    EQU              1
   28 00000000         
   29 00000000                 AREA             codigo, CODE
   30 00000000         
   31 00000000                 EXPORT           conecta4_buscar_alineamiento_ar
m_iter
   32 00000000         
   33 00000000         ;   Entrada:
   34 00000000         ;       r0 -> @cuadricula
   35 00000000         ;       r1 -> fila
   36 00000000         ;       r2 -> columna
   37 00000000         ;       r3 -> color
   38 00000000         ;       r11 + 4 -> *deltas_fila[i]



ARM Macro Assembler    Page 2 


   39 00000000         ;       r11 + 8 -> *deltas_columna[i]
   40 00000000         ;
   41 00000000         ;   Salida:
   42 00000000         ;       r0 <- longuitud linea
   43 00000000         ;
   44 00000000         ;   Descripción:
   45 00000000         ;       Devuelve el número de celdas del mismo color co
                       nsecutivas en
   46 00000000         ;       la línea recta dada por delta_fila y delta_colu
                       mna a partir de 
   47 00000000         ;       cuadricula[fila][columna]
   48 00000000         
   49 00000000         conecta4_buscar_alineamiento_arm_iter
   50 00000000         ; Prologo
   51 00000000 E1A0C00D        mov              r12, r13
   52 00000004 E92DDFF0        stmdb            r13!, { r4 - r10, r11, r12, r14
, r15 }
   53 00000008 E24CB004        sub              r11, r12, #4
   54 0000000C         
   55 0000000C         ;   Bloque de activación:
   56 0000000C         ;
   57 0000000C         ;   SP  -> | r4 - r10          | buscar_alineamiento
   58 0000000C         ;          | r11      |
   59 0000000C         ;          | r13      |
   60 0000000C         ;          | r14      |
   61 0000000C         ;   FP -> | r15      |
   62 0000000C         ;          | ----------------- |
   63 0000000C         ;          | delta_fila[i]     | hay_linea
   64 0000000C         ;          | delta_columna[i]  |
   65 0000000C         
   66 0000000C         ; Mueve parametros a registros variables
   67 0000000C E1A04000        mov              r4, r0      ; r4 = @cuadricula
   68 00000010 E1A05001        mov              r5, r1      ; r5 = fila
   69 00000014 E1A06002        mov              r6, r2      ; r6 = columna
   70 00000018 E1A07003        mov              r7, r3      ; r7 = color
   71 0000001C E28B9004        add              r9, r11, #0x04 ; Calcula @ base
                                                             de parametros
   72 00000020 E8990300        ldmia            r9, { r8 - r9 } ; r8, r9 = delt
                                                            a_columna, delta_fi
                                                            la
   73 00000024 E3A00000        mov              r0 , #0     ; i = num lineas en
                                                            contradas
   74 00000028         
   75 00000028         
   76 00000028         ; while
   77 00000028         ;   !C4_fila_valida(fila) (! 1 <= fila <= NUM_FILAS)
   78 00000028 E3550001 
                       ba_while
                               cmp              r5, #1
   79 0000002C BA000011        blt              ba_return_zero
   80 00000030 E3550006        cmp              r5, #NUM_FILAS
   81 00000034 CA00000F        bgt              ba_return_zero
   82 00000038         
   83 00000038         ;   !C4_columna_valida(columna)) (! 1 <= columna <= NUM_
                       COLUMNAS)
   84 00000038 E3560001        cmp              r6, #1
   85 0000003C BA00000D        blt              ba_return_zero
   86 00000040 E3560007        cmp              r6, #NUM_COLUMNAS
   87 00000044 CA00000B        bgt              ba_return_zero



ARM Macro Assembler    Page 3 


   88 00000048         
   89 00000048         
   90 00000048         ;   Obtiene valor de celda en cuadricula[fila][columna]
   91 00000048 E084A185        add              r10, r4, r5, lsl #3 ; r10 = @cu
                                                            adricula[fila][0] (
                                                            @cuad + 8 * filas)
   92 0000004C E7DAA006        ldrb             r10, [r10, r6] ; r10 = *cuadric
                                                            ula[fila][columna]
   93 00000050         
   94 00000050         ;   celda_vacia(cuadricula[fila][columna]) ( celda & 0x0
                       4 == 0)
   95 00000050         
   96 00000050 E20A3004        and              r3, r10, #CELDA_VACIA
   97 00000054 E3530000        cmp              r3, #0
   98 00000058 0A000006        beq              ba_return_zero
   99 0000005C         
  100 0000005C         ;   celda_color(cuadricula[fila][columna] != ) ( celda &
                        0x03 != color)
  101 0000005C E20A3003        and              r3, r10, #CELDA_COLOR
  102 00000060 E1530007        cmp              r3, r7
  103 00000064 1A000003        bne              ba_return_zero
  104 00000068         
  105 00000068         ;  Actualiza índices
  106 00000068 E0855008        add              r5, r5, r8
  107 0000006C E0866009        add              r6, r6, r9
  108 00000070         
  109 00000070 E2800001        add              r0, r0 , #1
  110 00000074         
  111 00000074 EAFFFFEB        b                ba_while
  112 00000078         
  113 00000078 E91BAFF0 
                       ba_return_zero
                               ldmdb            r11, { r4 - r10, r11, r13, r15 
}
  114 0000007C         
  115 0000007C                 END
Command Line: --debug --xref --diag_suppress=9931 --apcs=interwork --depend=.\o
bjects\conecta4_buscar_alineamiento_arm_iter.d -o.\objects\conecta4_buscar_alin
eamiento_arm_iter.o -IC:\Keil_v5\ARM\RV31\INC -IC:\Keil_v5\ARM\CMSIS\Include -I
C:\Keil_v5\ARM\INC\Philips --predefine="__EVAL SETA 1" --predefine="__UVISION_V
ERSION SETA 526" --list=.\listings\conecta4_buscar_alineamiento_arm_iter.lst co
necta4_buscar_alineamiento_arm_iter.s



ARM Macro Assembler    Page 1 Alphabetic symbol ordering
Relocatable symbols

datos 00000000

Symbol: datos
   Definitions
      At line 14 in file conecta4_buscar_alineamiento_arm_iter.s
   Uses
      None
Comment: datos unused
1 symbol



ARM Macro Assembler    Page 1 Alphabetic symbol ordering
Relocatable symbols

ba_return_zero 00000078

Symbol: ba_return_zero
   Definitions
      At line 113 in file conecta4_buscar_alineamiento_arm_iter.s
   Uses
      At line 79 in file conecta4_buscar_alineamiento_arm_iter.s
      At line 81 in file conecta4_buscar_alineamiento_arm_iter.s
      At line 85 in file conecta4_buscar_alineamiento_arm_iter.s
      At line 87 in file conecta4_buscar_alineamiento_arm_iter.s
      At line 98 in file conecta4_buscar_alineamiento_arm_iter.s
      At line 103 in file conecta4_buscar_alineamiento_arm_iter.s

ba_while 00000028

Symbol: ba_while
   Definitions
      At line 78 in file conecta4_buscar_alineamiento_arm_iter.s
   Uses
      At line 111 in file conecta4_buscar_alineamiento_arm_iter.s
Comment: ba_while used once
codigo 00000000

Symbol: codigo
   Definitions
      At line 29 in file conecta4_buscar_alineamiento_arm_iter.s
   Uses
      None
Comment: codigo unused
conecta4_buscar_alineamiento_arm_iter 00000000

Symbol: conecta4_buscar_alineamiento_arm_iter
   Definitions
      At line 49 in file conecta4_buscar_alineamiento_arm_iter.s
   Uses
      At line 31 in file conecta4_buscar_alineamiento_arm_iter.s
Comment: conecta4_buscar_alineamiento_arm_iter used once
4 symbols



ARM Macro Assembler    Page 1 Alphabetic symbol ordering
Absolute symbols

CELDA_COLOR 00000003

Symbol: CELDA_COLOR
   Definitions
      At line 24 in file conecta4_buscar_alineamiento_arm_iter.s
   Uses
      At line 101 in file conecta4_buscar_alineamiento_arm_iter.s
Comment: CELDA_COLOR used once
CELDA_VACIA 00000004

Symbol: CELDA_VACIA
   Definitions
      At line 23 in file conecta4_buscar_alineamiento_arm_iter.s
   Uses
      At line 96 in file conecta4_buscar_alineamiento_arm_iter.s
Comment: CELDA_VACIA used once
FALSE 00000000

Symbol: FALSE
   Definitions
      At line 26 in file conecta4_buscar_alineamiento_arm_iter.s
   Uses
      None
Comment: FALSE unused
NUM_COLUMNAS 00000007

Symbol: NUM_COLUMNAS
   Definitions
      At line 17 in file conecta4_buscar_alineamiento_arm_iter.s
   Uses
      At line 21 in file conecta4_buscar_alineamiento_arm_iter.s
      At line 86 in file conecta4_buscar_alineamiento_arm_iter.s

NUM_FILAS 00000006

Symbol: NUM_FILAS
   Definitions
      At line 16 in file conecta4_buscar_alineamiento_arm_iter.s
   Uses
      At line 20 in file conecta4_buscar_alineamiento_arm_iter.s
      At line 80 in file conecta4_buscar_alineamiento_arm_iter.s

PADDING_COL 00000001

Symbol: PADDING_COL
   Definitions
      At line 19 in file conecta4_buscar_alineamiento_arm_iter.s
   Uses
      At line 21 in file conecta4_buscar_alineamiento_arm_iter.s
Comment: PADDING_COL used once
PADDING_FIL 00000001

Symbol: PADDING_FIL
   Definitions
      At line 18 in file conecta4_buscar_alineamiento_arm_iter.s
   Uses
      At line 20 in file conecta4_buscar_alineamiento_arm_iter.s
Comment: PADDING_FIL used once
TAM_COLS 00000008



ARM Macro Assembler    Page 2 Alphabetic symbol ordering
Absolute symbols


Symbol: TAM_COLS
   Definitions
      At line 21 in file conecta4_buscar_alineamiento_arm_iter.s
   Uses
      None
Comment: TAM_COLS unused
TAM_FILS 00000007

Symbol: TAM_FILS
   Definitions
      At line 20 in file conecta4_buscar_alineamiento_arm_iter.s
   Uses
      None
Comment: TAM_FILS unused
TRUE 00000001

Symbol: TRUE
   Definitions
      At line 27 in file conecta4_buscar_alineamiento_arm_iter.s
   Uses
      None
Comment: TRUE unused
10 symbols
347 symbols in table
